Hello from StarDance!